Archive member included because of file (symbol)

/usr/local/CrossPack-AVR-20131216/lib/gcc/avr/4.8.1/avr51/libgcc.a(_exit.o)
                              /usr/local/CrossPack-AVR-20131216/lib/gcc/avr/4.8.1/../../../../avr/lib/avr51/crtm1284p.o (exit)
/usr/local/CrossPack-AVR-20131216/lib/gcc/avr/4.8.1/avr51/libgcc.a(_copy_data.o)
                              ./wan/wan_driver.o (__do_copy_data)
/usr/local/CrossPack-AVR-20131216/lib/gcc/avr/4.8.1/avr51/libgcc.a(_clear_bss.o)
                              ./wan/wan.o (__do_clear_bss)
/usr/local/CrossPack-AVR-20131216/lib/gcc/avr/4.8.1/avr51/libgcc.a(_cmpdi2.o)
                              ./ramdisk/ramdisk.o (__cmpdi2)
/usr/local/CrossPack-AVR-20131216/lib/gcc/avr/4.8.1/../../../../avr/lib/avr51/libc.a(malloc.o)
                              ./queue/queue.o (malloc)
/usr/local/CrossPack-AVR-20131216/lib/gcc/avr/4.8.1/../../../../avr/lib/avr51/libc.a(memcmp.o)
                              ./queue/queue.o (memcmp)
/usr/local/CrossPack-AVR-20131216/lib/gcc/avr/4.8.1/../../../../avr/lib/avr51/libc.a(memcpy.o)
                              ./queue/queue.o (memcpy)
/usr/local/CrossPack-AVR-20131216/lib/gcc/avr/4.8.1/../../../../avr/lib/avr51/libc.a(strchr.o)
                              ./btle/btle_driver.o (strchr)
/usr/local/CrossPack-AVR-20131216/lib/gcc/avr/4.8.1/../../../../avr/lib/avr51/libc.a(strcpy.o)
                              ./btle/btle_driver.o (strcpy)
/usr/local/CrossPack-AVR-20131216/lib/gcc/avr/4.8.1/../../../../avr/lib/avr51/libc.a(sprintf_p.o)
                              ./btle/btle_driver.o (sprintf_P)
/usr/local/CrossPack-AVR-20131216/lib/gcc/avr/4.8.1/../../../../avr/lib/avr51/libc.a(vfprintf_std.o)
                              /usr/local/CrossPack-AVR-20131216/lib/gcc/avr/4.8.1/../../../../avr/lib/avr51/libc.a(sprintf_p.o) (vfprintf)
/usr/local/CrossPack-AVR-20131216/lib/gcc/avr/4.8.1/../../../../avr/lib/avr51/libc.a(eerd_byte_atmega1284p.o)
                              ./eeprom/eeprom.o (__eerd_byte_m1284p)
/usr/local/CrossPack-AVR-20131216/lib/gcc/avr/4.8.1/../../../../avr/lib/avr51/libc.a(eewr_byte_atmega1284p.o)
                              ./eeprom/eeprom.o (__eewr_byte_m1284p)
/usr/local/CrossPack-AVR-20131216/lib/gcc/avr/4.8.1/../../../../avr/lib/avr51/libc.a(strnlen_P.o)
                              /usr/local/CrossPack-AVR-20131216/lib/gcc/avr/4.8.1/../../../../avr/lib/avr51/libc.a(vfprintf_std.o) (strnlen_P)
/usr/local/CrossPack-AVR-20131216/lib/gcc/avr/4.8.1/../../../../avr/lib/avr51/libc.a(strnlen.o)
                              /usr/local/CrossPack-AVR-20131216/lib/gcc/avr/4.8.1/../../../../avr/lib/avr51/libc.a(vfprintf_std.o) (strnlen)
/usr/local/CrossPack-AVR-20131216/lib/gcc/avr/4.8.1/../../../../avr/lib/avr51/libc.a(fputc.o)
                              /usr/local/CrossPack-AVR-20131216/lib/gcc/avr/4.8.1/../../../../avr/lib/avr51/libc.a(vfprintf_std.o) (fputc)
/usr/local/CrossPack-AVR-20131216/lib/gcc/avr/4.8.1/../../../../avr/lib/avr51/libc.a(ultoa_invert.o)
                              /usr/local/CrossPack-AVR-20131216/lib/gcc/avr/4.8.1/../../../../avr/lib/avr51/libc.a(vfprintf_std.o) (__ultoa_invert)

Allocating common symbols
Common symbol       size              file

packet_queue        0xc               ./btle/btle.o
btle_lines          0x81              ./btle/btle_driver.o
wan_line_buffer     0x81              ./wan/wan_driver.o
__brkval            0x2               /usr/local/CrossPack-AVR-20131216/lib/gcc/avr/4.8.1/../../../../avr/lib/avr51/libc.a(malloc.o)
wan_lines           0x81              ./wan/wan_driver.o
shared              0x8               ./main.o
mac_resp            0x9               ./wan/wan_config.o
clock_millis        0x4               ./util/clock.o
btle_queue          0xc               ./btle/btle.o
wan_queue           0xc               ./wan/wan.o
btle_line_buffer    0x81              ./btle/btle_driver.o
__flp               0x2               /usr/local/CrossPack-AVR-20131216/lib/gcc/avr/4.8.1/../../../../avr/lib/avr51/libc.a(malloc.o)
btle_rx_cb          0x2               ./usart/usart_btle.o
config              0xf               ./util/config.o

Memory Configuration

Name             Origin             Length             Attributes
text             0x00000000         0x00020000         xr
data             0x00800100         0x0000ff00         rw !x
eeprom           0x00810000         0x00010000         rw !x
fuse             0x00820000         0x00000400         rw !x
lock             0x00830000         0x00000400         rw !x
signature        0x00840000         0x00000400         rw !x
user_signatures  0x00850000         0x00000400         rw !x
*default*        0x00000000         0xffffffff

Linker script and memory map

Address of section .data set to 0x800100
LOAD /usr/local/CrossPack-AVR-20131216/lib/gcc/avr/4.8.1/../../../../avr/lib/avr51/crtm1284p.o
LOAD ./wan/wan.o
LOAD ./wan/wan_config.o
LOAD ./wan/wan_driver.o
LOAD ./util/clock.o
LOAD ./util/config.o
LOAD ./usart/usart_btle.o
LOAD ./usart/usart_wan.o
LOAD ./ramdisk/ramdisk.o
LOAD ./queue/circular_queue.o
LOAD ./queue/queue.o
LOAD ./eeprom/eeprom.o
LOAD ./btle/btle.o
LOAD ./btle/btle_driver.o
LOAD ./main.o
START GROUP
LOAD /usr/local/CrossPack-AVR-20131216/lib/gcc/avr/4.8.1/avr51/libgcc.a
LOAD /usr/local/CrossPack-AVR-20131216/lib/gcc/avr/4.8.1/../../../../avr/lib/avr51/libm.a
LOAD /usr/local/CrossPack-AVR-20131216/lib/gcc/avr/4.8.1/../../../../avr/lib/avr51/libc.a
END GROUP

.hash
 *(.hash)

.dynsym
 *(.dynsym)

.dynstr
 *(.dynstr)

.gnu.version
 *(.gnu.version)

.gnu.version_d
 *(.gnu.version_d)

.gnu.version_r
 *(.gnu.version_r)

.rel.init
 *(.rel.init)

.rela.init
 *(.rela.init)

.rel.text
 *(.rel.text)
 *(.rel.text.*)
 *(.rel.gnu.linkonce.t*)

.rela.text
 *(.rela.text)
 *(.rela.text.*)
 *(.rela.gnu.linkonce.t*)

.rel.fini
 *(.rel.fini)

.rela.fini
 *(.rela.fini)

.rel.rodata
 *(.rel.rodata)
 *(.rel.rodata.*)
 *(.rel.gnu.linkonce.r*)

.rela.rodata
 *(.rela.rodata)
 *(.rela.rodata.*)
 *(.rela.gnu.linkonce.r*)

.rel.data
 *(.rel.data)
 *(.rel.data.*)
 *(.rel.gnu.linkonce.d*)

.rela.data
 *(.rela.data)
 *(.rela.data.*)
 *(.rela.gnu.linkonce.d*)

.rel.ctors
 *(.rel.ctors)

.rela.ctors
 *(.rela.ctors)

.rel.dtors
 *(.rel.dtors)

.rela.dtors
 *(.rela.dtors)

.rel.got
 *(.rel.got)

.rela.got
 *(.rela.got)

.rel.bss
 *(.rel.bss)

.rela.bss
 *(.rela.bss)

.rel.plt
 *(.rel.plt)

.rela.plt
 *(.rela.plt)

.text           0x00000000     0x2000
 *(.vectors)
 .vectors       0x00000000       0x8c /usr/local/CrossPack-AVR-20131216/lib/gcc/avr/4.8.1/../../../../avr/lib/avr51/crtm1284p.o
                0x00000000                __vectors
                0x00000000                __vector_default
 *(.vectors)
 *(.progmem.gcc*)
                0x0000008c                . = ALIGN (0x2)
                0x0000008c                __trampolines_start = .
 *(.trampolines)
 .trampolines   0x0000008c        0x0 linker stubs
 *(.trampolines*)
                0x0000008c                __trampolines_end = .
 *(.progmem*)
 .progmem.data.BTLE_hex
                0x0000008c       0x11 ./usart/usart_btle.o
                0x0000008c                BTLE_hex
 .progmem.data.__c.2256
                0x0000009d       0x23 ./btle/btle_driver.o
                0x000000c0                . = ALIGN (0x2)
 *(.jumptables)
 *(.jumptables*)
 *(.lowtext)
 *(.lowtext*)
                0x000000c0                __ctors_start = .
 *(.ctors)
                0x000000c0                __ctors_end = .
                0x000000c0                __dtors_start = .
 *(.dtors)
                0x000000c0                __dtors_end = .
 SORT(*)(.ctors)
 SORT(*)(.dtors)
 *(.init0)
 .init0         0x000000c0        0x0 /usr/local/CrossPack-AVR-20131216/lib/gcc/avr/4.8.1/../../../../avr/lib/avr51/crtm1284p.o
                0x000000c0                __init
 *(.init0)
 *(.init1)
 *(.init1)
 *(.init2)
 .init2         0x000000c0        0xc /usr/local/CrossPack-AVR-20131216/lib/gcc/avr/4.8.1/../../../../avr/lib/avr51/crtm1284p.o
 *(.init2)
 *(.init3)
 *(.init3)
 *(.init4)
 .init4         0x000000cc       0x1a /usr/local/CrossPack-AVR-20131216/lib/gcc/avr/4.8.1/avr51/libgcc.a(_copy_data.o)
                0x000000cc                __do_copy_data
 .init4         0x000000e6       0x10 /usr/local/CrossPack-AVR-20131216/lib/gcc/avr/4.8.1/avr51/libgcc.a(_clear_bss.o)
                0x000000e6                __do_clear_bss
 *(.init4)
 *(.init5)
 *(.init5)
 *(.init6)
 *(.init6)
 *(.init7)
 *(.init7)
 *(.init8)
 *(.init8)
 *(.init9)
 .init9         0x000000f6        0x8 /usr/local/CrossPack-AVR-20131216/lib/gcc/avr/4.8.1/../../../../avr/lib/avr51/crtm1284p.o
 *(.init9)
 *(.text)
 .text          0x000000fe        0x4 /usr/local/CrossPack-AVR-20131216/lib/gcc/avr/4.8.1/../../../../avr/lib/avr51/crtm1284p.o
                0x000000fe                __vector_18
                0x000000fe                __vector_1
                0x000000fe                __vector_32
                0x000000fe                __vector_34
                0x000000fe                __vector_24
                0x000000fe                __vector_12
                0x000000fe                __bad_interrupt
                0x000000fe                __vector_6
                0x000000fe                __vector_31
                0x000000fe                __vector_3
                0x000000fe                __vector_23
                0x000000fe                __vector_30
                0x000000fe                __vector_25
                0x000000fe                __vector_11
                0x000000fe                __vector_13
                0x000000fe                __vector_17
                0x000000fe                __vector_19
                0x000000fe                __vector_7
                0x000000fe                __vector_27
                0x000000fe                __vector_5
                0x000000fe                __vector_33
                0x000000fe                __vector_4
                0x000000fe                __vector_9
                0x000000fe                __vector_2
                0x000000fe                __vector_21
                0x000000fe                __vector_15
                0x000000fe                __vector_29
                0x000000fe                __vector_8
                0x000000fe                __vector_26
                0x000000fe                __vector_14
                0x000000fe                __vector_10
                0x000000fe                __vector_22
 .text          0x00000102        0x0 ./wan/wan.o
 .text          0x00000102        0x0 ./wan/wan_config.o
 .text          0x00000102        0x0 ./wan/wan_driver.o
 .text          0x00000102        0x0 ./util/clock.o
 .text          0x00000102        0x0 ./util/config.o
 .text          0x00000102        0x0 ./usart/usart_btle.o
 .text          0x00000102        0x0 ./usart/usart_wan.o
 .text          0x00000102        0x0 ./ramdisk/ramdisk.o
 .text          0x00000102        0x0 ./queue/circular_queue.o
 .text          0x00000102        0x0 ./queue/queue.o
 .text          0x00000102        0x0 ./eeprom/eeprom.o
 .text          0x00000102        0x0 ./btle/btle.o
 .text          0x00000102        0x0 ./btle/btle_driver.o
 .text          0x00000102        0x0 ./main.o
 .text          0x00000102        0x0 /usr/local/CrossPack-AVR-20131216/lib/gcc/avr/4.8.1/avr51/libgcc.a(_exit.o)
 .text          0x00000102        0x0 /usr/local/CrossPack-AVR-20131216/lib/gcc/avr/4.8.1/avr51/libgcc.a(_copy_data.o)
 .text          0x00000102        0x0 /usr/local/CrossPack-AVR-20131216/lib/gcc/avr/4.8.1/avr51/libgcc.a(_clear_bss.o)
 .text          0x00000102        0x0 /usr/local/CrossPack-AVR-20131216/lib/gcc/avr/4.8.1/avr51/libgcc.a(_cmpdi2.o)
 .text          0x00000102        0x0 /usr/local/CrossPack-AVR-20131216/lib/gcc/avr/4.8.1/../../../../avr/lib/avr51/libc.a(malloc.o)
 .text          0x00000102        0x0 /usr/local/CrossPack-AVR-20131216/lib/gcc/avr/4.8.1/../../../../avr/lib/avr51/libc.a(memcmp.o)
 .text          0x00000102        0x0 /usr/local/CrossPack-AVR-20131216/lib/gcc/avr/4.8.1/../../../../avr/lib/avr51/libc.a(memcpy.o)
 .text          0x00000102        0x0 /usr/local/CrossPack-AVR-20131216/lib/gcc/avr/4.8.1/../../../../avr/lib/avr51/libc.a(strchr.o)
 .text          0x00000102        0x0 /usr/local/CrossPack-AVR-20131216/lib/gcc/avr/4.8.1/../../../../avr/lib/avr51/libc.a(strcpy.o)
 .text          0x00000102        0x0 /usr/local/CrossPack-AVR-20131216/lib/gcc/avr/4.8.1/../../../../avr/lib/avr51/libc.a(sprintf_p.o)
 .text          0x00000102        0x0 /usr/local/CrossPack-AVR-20131216/lib/gcc/avr/4.8.1/../../../../avr/lib/avr51/libc.a(vfprintf_std.o)
 .text          0x00000102        0x0 /usr/local/CrossPack-AVR-20131216/lib/gcc/avr/4.8.1/../../../../avr/lib/avr51/libc.a(eerd_byte_atmega1284p.o)
 .text          0x00000102        0x0 /usr/local/CrossPack-AVR-20131216/lib/gcc/avr/4.8.1/../../../../avr/lib/avr51/libc.a(eewr_byte_atmega1284p.o)
 .text          0x00000102        0x0 /usr/local/CrossPack-AVR-20131216/lib/gcc/avr/4.8.1/../../../../avr/lib/avr51/libc.a(strnlen_P.o)
 .text          0x00000102        0x0 /usr/local/CrossPack-AVR-20131216/lib/gcc/avr/4.8.1/../../../../avr/lib/avr51/libc.a(strnlen.o)
 .text          0x00000102        0x0 /usr/local/CrossPack-AVR-20131216/lib/gcc/avr/4.8.1/../../../../avr/lib/avr51/libc.a(fputc.o)
 .text          0x00000102        0x0 /usr/local/CrossPack-AVR-20131216/lib/gcc/avr/4.8.1/../../../../avr/lib/avr51/libc.a(ultoa_invert.o)
                0x00000102                . = ALIGN (0x2)
 *(.text.*)
 .text.wan_init
                0x00000102        0xa ./wan/wan.o
                0x00000102                wan_init
 .text.wan_set_cts
                0x0000010c        0x4 ./wan/wan.o
                0x0000010c                wan_set_cts
 .text.wan_get_rts
                0x00000110        0x6 ./wan/wan.o
                0x00000110                wan_get_rts
 .text.wan_reset_frame
                0x00000116        0xe ./wan/wan.o
                0x00000116                wan_reset_frame
 .text.wan_state_configure
                0x00000124       0x30 ./wan/wan.o
                0x00000124                wan_state_configure
 .text.frame_tick
                0x00000154       0x7c ./wan/wan.o
                0x00000154                frame_tick
 .text.build_app_msg
                0x000001d0       0xce ./wan/wan.o
                0x000001d0                build_app_msg
 .text.wan_state_wait_for_data
                0x0000029e      0x15e ./wan/wan.o
                0x0000029e                wan_state_wait_for_data
 .text.wan_tick
                0x000003fc       0x8c ./wan/wan.o
                0x000003fc                wan_tick
 .text.wan_enqueue
                0x00000488       0x10 ./wan/wan.o
                0x00000488                wan_enqueue
 .text.wan_get_device_address
                0x00000498       0x3e ./wan/wan_config.o
                0x00000498                wan_get_device_address
 .text.wan_config_network
                0x000004d6       0x8e ./wan/wan_config.o
                0x000004d6                wan_config_network
 .text.config_mac_resp
                0x00000564       0x3a ./wan/wan_config.o
                0x00000564                config_mac_resp
 .text.wan_config_received
                0x0000059e       0x2c ./wan/wan_config.o
                0x0000059e                wan_config_received
 .text.config_ntw_resp
                0x000005ca        0x8 ./wan/wan_config.o
                0x000005ca                config_ntw_resp
 .text.no_ack_status_resp
                0x000005d2        0x8 ./wan/wan_config.o
                0x000005d2                no_ack_status_resp
 .text.wan_config_tick
                0x000005da       0x32 ./wan/wan_config.o
                0x000005da                wan_config_tick
 .text.wan_driver_init
                0x0000060c       0x26 ./wan/wan_driver.o
                0x0000060c                wan_driver_init
 .text.wan_driver_tick
                0x00000632        0x6 ./wan/wan_driver.o
                0x00000632                wan_driver_tick
 .text.clock_init
                0x00000638       0x18 ./util/clock.o
                0x00000638                clock_init
 .text.clock_time
                0x00000650       0x12 ./util/clock.o
                0x00000650                clock_time
 .text.delay_millis
                0x00000662       0x40 ./util/clock.o
                0x00000662                delay_millis
 .text.__vector_16
                0x000006a2       0x4a ./util/clock.o
                0x000006a2                __vector_16
 .text.isr_tick
                0x000006ec       0x28 ./util/clock.o
                0x000006ec                isr_tick
 .text.config_init
                0x00000714       0x3e ./util/config.o
                0x00000714                config_init
 .text.load_config
                0x00000752        0x2 ./util/config.o
                0x00000752                load_config
 .text.write_config
                0x00000754        0x2 ./util/config.o
                0x00000754                write_config
 .text._btle_set_rx_cb
                0x00000756        0xa ./usart/usart_btle.o
                0x00000756                _btle_set_rx_cb
 .text.btle_usart_init
                0x00000760       0x26 ./usart/usart_btle.o
                0x00000760                btle_usart_init
 .text.btle_usart_init_cb
                0x00000786       0x2e ./usart/usart_btle.o
                0x00000786                btle_usart_init_cb
 .text.btle_usart_put_char
                0x000007b4       0x30 ./usart/usart_btle.o
                0x000007b4                btle_usart_put_char
 .text.btle_usart_clear_buffer
                0x000007e4       0x16 ./usart/usart_btle.o
                0x000007e4                btle_usart_clear_buffer
 .text.btle_usart_data_available
                0x000007fa        0xc ./usart/usart_btle.o
                0x000007fa                btle_usart_data_available
 .text.btle_usart_data_read
                0x00000806       0x32 ./usart/usart_btle.o
                0x00000806                btle_usart_data_read
 .text.btle_usart_transmit
                0x00000838       0x10 ./usart/usart_btle.o
                0x00000838                btle_usart_transmit
 .text.btle_usart_transmit_bytes
                0x00000848       0x2e ./usart/usart_btle.o
                0x00000848                btle_usart_transmit_bytes
 .text.btle_usart_transmit_string
                0x00000876       0x2c ./usart/usart_btle.o
                0x00000876                btle_usart_transmit_string
 .text.__vector_28
                0x000008a2       0x6a ./usart/usart_btle.o
                0x000008a2                __vector_28
 .text.wan_usart_init
                0x0000090c       0x26 ./usart/usart_wan.o
                0x0000090c                wan_usart_init
 .text.wan_usart_put_char
                0x00000932       0x30 ./usart/usart_wan.o
                0x00000932                wan_usart_put_char
 .text.wan_usart_clear_buffer
                0x00000962       0x16 ./usart/usart_wan.o
                0x00000962                wan_usart_clear_buffer
 .text.wan_usart_data_available
                0x00000978        0xc ./usart/usart_wan.o
                0x00000978                wan_usart_data_available
 .text.wan_usart_data_read
                0x00000984       0x32 ./usart/usart_wan.o
                0x00000984                wan_usart_data_read
 .text.wan_usart_transmit
                0x000009b6       0x10 ./usart/usart_wan.o
                0x000009b6                wan_usart_transmit
 .text.wan_usart_transmit_bytes
                0x000009c6       0x2e ./usart/usart_wan.o
                0x000009c6                wan_usart_transmit_bytes
 .text.wan_usart_transmit_string
                0x000009f4       0x2c ./usart/usart_wan.o
                0x000009f4                wan_usart_transmit_string
 .text.__vector_20
                0x00000a20       0x54 ./usart/usart_wan.o
                0x00000a20                __vector_20
 .text.ramdisk_init
                0x00000a74       0x36 ./ramdisk/ramdisk.o
                0x00000a74                ramdisk_init
 .text.ramdisk_write
                0x00000aaa      0x108 ./ramdisk/ramdisk.o
                0x00000aaa                ramdisk_write
 .text.ramdisk_erase
                0x00000bb2      0x174 ./ramdisk/ramdisk.o
                0x00000bb2                ramdisk_erase
 .text.ramdisk_find
                0x00000d26       0xae ./ramdisk/ramdisk.o
                0x00000d26                ramdisk_find
 .text.ramdisk_next
                0x00000dd4       0x16 ./ramdisk/ramdisk.o
                0x00000dd4                ramdisk_next
 .text.circular_queue_put_char
                0x00000dea       0x30 ./queue/circular_queue.o
                0x00000dea                circular_queue_put_char
 .text.circular_queue_clear_buffer
                0x00000e1a       0x16 ./queue/circular_queue.o
                0x00000e1a                circular_queue_clear_buffer
 .text.circular_queue_data_available
                0x00000e30        0xc ./queue/circular_queue.o
                0x00000e30                circular_queue_data_available
 .text.circular_queue_data_read
                0x00000e3c       0x32 ./queue/circular_queue.o
                0x00000e3c                circular_queue_data_read
 .text.queue_reset
                0x00000e6e       0x18 ./queue/queue.o
                0x00000e6e                queue_reset
 .text.queue_init
                0x00000e86        0xc ./queue/queue.o
                0x00000e86                queue_init
 .text.queue_enqueue
                0x00000e92       0xe2 ./queue/queue.o
                0x00000e92                queue_enqueue
 .text.queue_dequeue
                0x00000f74       0xd6 ./queue/queue.o
                0x00000f74                queue_dequeue
 .text.queue_find
                0x0000104a       0x72 ./queue/queue.o
                0x0000104a                queue_find
 .text.queue_remove
                0x000010bc       0xa8 ./queue/queue.o
                0x000010bc                queue_remove
 .text.queue_peek_length
                0x00001164       0x20 ./queue/queue.o
                0x00001164                queue_peek_length
 .text.queue_clear
                0x00001184       0x38 ./queue/queue.o
                0x00001184                queue_clear
 .text.eeprom_read
                0x000011bc        0x6 ./eeprom/eeprom.o
                0x000011bc                eeprom_read
 .text.eeprom_write
                0x000011c2        0x6 ./eeprom/eeprom.o
                0x000011c2                eeprom_write
 .text.btle_set_cts
                0x000011c8        0x4 ./btle/btle.o
                0x000011c8                btle_set_cts
 .text.btle_init
                0x000011cc        0xe ./btle/btle.o
                0x000011cc                btle_init
 .text.btle_get_rts
                0x000011da        0x6 ./btle/btle.o
                0x000011da                btle_get_rts
 .text.btle_tick
                0x000011e0        0xa ./btle/btle.o
                0x000011e0                btle_tick
 .text.btle_enqueue
                0x000011ea       0x10 ./btle/btle.o
                0x000011ea                btle_enqueue
 .text.btle_parse_nybble
                0x000011fa       0x32 ./btle/btle_driver.o
 .text.btle_driver_init
                0x0000122c       0x3e ./btle/btle_driver.o
                0x0000122c                btle_driver_init
 .text.enqueue_packet
                0x0000126a       0x36 ./btle/btle_driver.o
                0x0000126a                enqueue_packet
 .text.btle_driver_tick
                0x000012a0      0x2d0 ./btle/btle_driver.o
                0x000012a0                btle_driver_tick
 .text.ramdisk_clean_tick
                0x00001570       0x9e ./btle/btle_driver.o
                0x00001570                ramdisk_clean_tick
 .text.encode_string
                0x0000160e       0x96 ./btle/btle_driver.o
                0x0000160e                encode_string
 .text.terminal_in_cb
                0x000016a4        0x6 ./main.o
                0x000016a4                terminal_in_cb
 .text.set_timer
                0x000016aa       0x32 ./main.o
                0x000016aa                set_timer
 .text.timeout  0x000016dc       0x3a ./main.o
                0x000016dc                timeout
 .text.main     0x00001716       0x6a ./main.o
                0x00001716                main
 .text.libgcc.mul
                0x00001780        0x0 /usr/local/CrossPack-AVR-20131216/lib/gcc/avr/4.8.1/avr51/libgcc.a(_exit.o)
 .text.libgcc.div
                0x00001780        0x0 /usr/local/CrossPack-AVR-20131216/lib/gcc/avr/4.8.1/avr51/libgcc.a(_exit.o)
 .text.libgcc   0x00001780        0x0 /usr/local/CrossPack-AVR-20131216/lib/gcc/avr/4.8.1/avr51/libgcc.a(_exit.o)
 .text.libgcc.prologue
                0x00001780        0x0 /usr/local/CrossPack-AVR-20131216/lib/gcc/avr/4.8.1/avr51/libgcc.a(_exit.o)
 .text.libgcc.builtins
                0x00001780        0x0 /usr/local/CrossPack-AVR-20131216/lib/gcc/avr/4.8.1/avr51/libgcc.a(_exit.o)
 .text.libgcc.fmul
                0x00001780        0x0 /usr/local/CrossPack-AVR-20131216/lib/gcc/avr/4.8.1/avr51/libgcc.a(_exit.o)
 .text.libgcc.fixed
                0x00001780        0x0 /usr/local/CrossPack-AVR-20131216/lib/gcc/avr/4.8.1/avr51/libgcc.a(_exit.o)
 .text.libgcc.mul
                0x00001780        0x0 /usr/local/CrossPack-AVR-20131216/lib/gcc/avr/4.8.1/avr51/libgcc.a(_copy_data.o)
 .text.libgcc.div
                0x00001780        0x0 /usr/local/CrossPack-AVR-20131216/lib/gcc/avr/4.8.1/avr51/libgcc.a(_copy_data.o)
 .text.libgcc   0x00001780        0x0 /usr/local/CrossPack-AVR-20131216/lib/gcc/avr/4.8.1/avr51/libgcc.a(_copy_data.o)
 .text.libgcc.prologue
                0x00001780        0x0 /usr/local/CrossPack-AVR-20131216/lib/gcc/avr/4.8.1/avr51/libgcc.a(_copy_data.o)
 .text.libgcc.builtins
                0x00001780        0x0 /usr/local/CrossPack-AVR-20131216/lib/gcc/avr/4.8.1/avr51/libgcc.a(_copy_data.o)
 .text.libgcc.fmul
                0x00001780        0x0 /usr/local/CrossPack-AVR-20131216/lib/gcc/avr/4.8.1/avr51/libgcc.a(_copy_data.o)
 .text.libgcc.fixed
                0x00001780        0x0 /usr/local/CrossPack-AVR-20131216/lib/gcc/avr/4.8.1/avr51/libgcc.a(_copy_data.o)
 .text.libgcc.mul
                0x00001780        0x0 /usr/local/CrossPack-AVR-20131216/lib/gcc/avr/4.8.1/avr51/libgcc.a(_clear_bss.o)
 .text.libgcc.div
                0x00001780        0x0 /usr/local/CrossPack-AVR-20131216/lib/gcc/avr/4.8.1/avr51/libgcc.a(_clear_bss.o)
 .text.libgcc   0x00001780        0x0 /usr/local/CrossPack-AVR-20131216/lib/gcc/avr/4.8.1/avr51/libgcc.a(_clear_bss.o)
 .text.libgcc.prologue
                0x00001780        0x0 /usr/local/CrossPack-AVR-20131216/lib/gcc/avr/4.8.1/avr51/libgcc.a(_clear_bss.o)
 .text.libgcc.builtins
                0x00001780        0x0 /usr/local/CrossPack-AVR-20131216/lib/gcc/avr/4.8.1/avr51/libgcc.a(_clear_bss.o)
 .text.libgcc.fmul
                0x00001780        0x0 /usr/local/CrossPack-AVR-20131216/lib/gcc/avr/4.8.1/avr51/libgcc.a(_clear_bss.o)
 .text.libgcc.fixed
                0x00001780        0x0 /usr/local/CrossPack-AVR-20131216/lib/gcc/avr/4.8.1/avr51/libgcc.a(_clear_bss.o)
 .text.libgcc.mul
                0x00001780        0x0 /usr/local/CrossPack-AVR-20131216/lib/gcc/avr/4.8.1/avr51/libgcc.a(_cmpdi2.o)
 .text.libgcc.div
                0x00001780        0x0 /usr/local/CrossPack-AVR-20131216/lib/gcc/avr/4.8.1/avr51/libgcc.a(_cmpdi2.o)
 .text.libgcc   0x00001780       0x12 /usr/local/CrossPack-AVR-20131216/lib/gcc/avr/4.8.1/avr51/libgcc.a(_cmpdi2.o)
                0x00001780                __cmpdi2
 .text.libgcc.prologue
                0x00001792        0x0 /usr/local/CrossPack-AVR-20131216/lib/gcc/avr/4.8.1/avr51/libgcc.a(_cmpdi2.o)
 .text.libgcc.builtins
                0x00001792        0x0 /usr/local/CrossPack-AVR-20131216/lib/gcc/avr/4.8.1/avr51/libgcc.a(_cmpdi2.o)
 .text.libgcc.fmul
                0x00001792        0x0 /usr/local/CrossPack-AVR-20131216/lib/gcc/avr/4.8.1/avr51/libgcc.a(_cmpdi2.o)
 .text.libgcc.fixed
                0x00001792        0x0 /usr/local/CrossPack-AVR-20131216/lib/gcc/avr/4.8.1/avr51/libgcc.a(_cmpdi2.o)
 .text.avr-libc
                0x00001792      0x24e /usr/local/CrossPack-AVR-20131216/lib/gcc/avr/4.8.1/../../../../avr/lib/avr51/libc.a(malloc.o)
                0x00001792                malloc
                0x000018c2                free
 .text.avr-libc
                0x000019e0       0x1a /usr/local/CrossPack-AVR-20131216/lib/gcc/avr/4.8.1/../../../../avr/lib/avr51/libc.a(memcmp.o)
                0x000019e0                memcmp
 .text.avr-libc
                0x000019fa       0x12 /usr/local/CrossPack-AVR-20131216/lib/gcc/avr/4.8.1/../../../../avr/lib/avr51/libc.a(memcpy.o)
                0x000019fa                memcpy
 .text.avr-libc
                0x00001a0c       0x16 /usr/local/CrossPack-AVR-20131216/lib/gcc/avr/4.8.1/../../../../avr/lib/avr51/libc.a(strchr.o)
                0x00001a0c                strchr
 .text.avr-libc
                0x00001a22        0xe /usr/local/CrossPack-AVR-20131216/lib/gcc/avr/4.8.1/../../../../avr/lib/avr51/libc.a(strcpy.o)
                0x00001a22                strcpy
 .text.avr-libc
                0x00001a30       0x5e /usr/local/CrossPack-AVR-20131216/lib/gcc/avr/4.8.1/../../../../avr/lib/avr51/libc.a(sprintf_p.o)
                0x00001a30                sprintf_P
 .text.avr-libc
                0x00001a8e      0x3f6 /usr/local/CrossPack-AVR-20131216/lib/gcc/avr/4.8.1/../../../../avr/lib/avr51/libc.a(vfprintf_std.o)
                0x00001a8e                vfprintf
 .text.avr-libc
                0x00001e84       0x10 /usr/local/CrossPack-AVR-20131216/lib/gcc/avr/4.8.1/../../../../avr/lib/avr51/libc.a(eerd_byte_atmega1284p.o)
                0x00001e84                __eerd_byte_m1284p
 .text.avr-libc
                0x00001e94       0x1c /usr/local/CrossPack-AVR-20131216/lib/gcc/avr/4.8.1/../../../../avr/lib/avr51/libc.a(eewr_byte_atmega1284p.o)
                0x00001e94                __eewr_byte_m1284p
                0x00001e96                __eewr_r18_m1284p
 .text.avr-libc
                0x00001eb0       0x16 /usr/local/CrossPack-AVR-20131216/lib/gcc/avr/4.8.1/../../../../avr/lib/avr51/libc.a(strnlen_P.o)
                0x00001eb0                strnlen_P
 .text.avr-libc
                0x00001ec6       0x16 /usr/local/CrossPack-AVR-20131216/lib/gcc/avr/4.8.1/../../../../avr/lib/avr51/libc.a(strnlen.o)
                0x00001ec6                strnlen
 .text.avr-libc
                0x00001edc       0x64 /usr/local/CrossPack-AVR-20131216/lib/gcc/avr/4.8.1/../../../../avr/lib/avr51/libc.a(fputc.o)
                0x00001edc                fputc
 .text.avr-libc
                0x00001f40       0xbc /usr/local/CrossPack-AVR-20131216/lib/gcc/avr/4.8.1/../../../../avr/lib/avr51/libc.a(ultoa_invert.o)
                0x00001f40                __ultoa_invert
                0x00001ffc                . = ALIGN (0x2)
 *(.fini9)
 .fini9         0x00001ffc        0x0 /usr/local/CrossPack-AVR-20131216/lib/gcc/avr/4.8.1/avr51/libgcc.a(_exit.o)
                0x00001ffc                exit
                0x00001ffc                _exit
 *(.fini9)
 *(.fini8)
 *(.fini8)
 *(.fini7)
 *(.fini7)
 *(.fini6)
 *(.fini6)
 *(.fini5)
 *(.fini5)
 *(.fini4)
 *(.fini4)
 *(.fini3)
 *(.fini3)
 *(.fini2)
 *(.fini2)
 *(.fini1)
 *(.fini1)
 *(.fini0)
 .fini0         0x00001ffc        0x4 /usr/local/CrossPack-AVR-20131216/lib/gcc/avr/4.8.1/avr51/libgcc.a(_exit.o)
 *(.fini0)
                0x00002000                _etext = .

.data           0x00800100       0x28 load address 0x00002000
                0x00800100                PROVIDE (__data_start, .)
 *(.data)
 .data          0x00800100        0x0 /usr/local/CrossPack-AVR-20131216/lib/gcc/avr/4.8.1/../../../../avr/lib/avr51/crtm1284p.o
 .data          0x00800100        0x0 ./wan/wan.o
 .data          0x00800100        0x0 ./wan/wan_config.o
 .data          0x00800100        0x0 ./wan/wan_driver.o
 .data          0x00800100        0x0 ./util/clock.o
 .data          0x00800100        0x0 ./util/config.o
 .data          0x00800100        0x0 ./usart/usart_btle.o
 .data          0x00800100        0x0 ./usart/usart_wan.o
 .data          0x00800100        0x0 ./ramdisk/ramdisk.o
 .data          0x00800100        0x0 ./queue/circular_queue.o
 .data          0x00800100        0x0 ./queue/queue.o
 .data          0x00800100        0x0 ./eeprom/eeprom.o
 .data          0x00800100        0x0 ./btle/btle.o
 .data          0x00800100        0x0 ./btle/btle_driver.o
 .data          0x00800100        0x0 ./main.o
 .data          0x00800100        0x0 /usr/local/CrossPack-AVR-20131216/lib/gcc/avr/4.8.1/avr51/libgcc.a(_exit.o)
 .data          0x00800100        0x0 /usr/local/CrossPack-AVR-20131216/lib/gcc/avr/4.8.1/avr51/libgcc.a(_copy_data.o)
 .data          0x00800100        0x0 /usr/local/CrossPack-AVR-20131216/lib/gcc/avr/4.8.1/avr51/libgcc.a(_clear_bss.o)
 .data          0x00800100        0x0 /usr/local/CrossPack-AVR-20131216/lib/gcc/avr/4.8.1/avr51/libgcc.a(_cmpdi2.o)
 .data          0x00800100        0x6 /usr/local/CrossPack-AVR-20131216/lib/gcc/avr/4.8.1/../../../../avr/lib/avr51/libc.a(malloc.o)
                0x00800100                __malloc_heap_end
                0x00800102                __malloc_heap_start
                0x00800104                __malloc_margin
 .data          0x00800106        0x0 /usr/local/CrossPack-AVR-20131216/lib/gcc/avr/4.8.1/../../../../avr/lib/avr51/libc.a(memcmp.o)
 .data          0x00800106        0x0 /usr/local/CrossPack-AVR-20131216/lib/gcc/avr/4.8.1/../../../../avr/lib/avr51/libc.a(memcpy.o)
 .data          0x00800106        0x0 /usr/local/CrossPack-AVR-20131216/lib/gcc/avr/4.8.1/../../../../avr/lib/avr51/libc.a(strchr.o)
 .data          0x00800106        0x0 /usr/local/CrossPack-AVR-20131216/lib/gcc/avr/4.8.1/../../../../avr/lib/avr51/libc.a(strcpy.o)
 .data          0x00800106        0x0 /usr/local/CrossPack-AVR-20131216/lib/gcc/avr/4.8.1/../../../../avr/lib/avr51/libc.a(sprintf_p.o)
 .data          0x00800106        0x0 /usr/local/CrossPack-AVR-20131216/lib/gcc/avr/4.8.1/../../../../avr/lib/avr51/libc.a(vfprintf_std.o)
 .data          0x00800106        0x0 /usr/local/CrossPack-AVR-20131216/lib/gcc/avr/4.8.1/../../../../avr/lib/avr51/libc.a(eerd_byte_atmega1284p.o)
 .data          0x00800106        0x0 /usr/local/CrossPack-AVR-20131216/lib/gcc/avr/4.8.1/../../../../avr/lib/avr51/libc.a(eewr_byte_atmega1284p.o)
 .data          0x00800106        0x0 /usr/local/CrossPack-AVR-20131216/lib/gcc/avr/4.8.1/../../../../avr/lib/avr51/libc.a(strnlen_P.o)
 .data          0x00800106        0x0 /usr/local/CrossPack-AVR-20131216/lib/gcc/avr/4.8.1/../../../../avr/lib/avr51/libc.a(strnlen.o)
 .data          0x00800106        0x0 /usr/local/CrossPack-AVR-20131216/lib/gcc/avr/4.8.1/../../../../avr/lib/avr51/libc.a(fputc.o)
 .data          0x00800106        0x0 /usr/local/CrossPack-AVR-20131216/lib/gcc/avr/4.8.1/../../../../avr/lib/avr51/libc.a(ultoa_invert.o)
 *(.data*)
 .data.WAN_HEX_DIGITS
                0x00800106       0x11 ./wan/wan_driver.o
                0x00800106                WAN_HEX_DIGITS
 .data.HEX_DIGITS
                0x00800117       0x11 ./btle/btle_driver.o
                0x00800117                HEX_DIGITS
 *(.rodata)
 *(.rodata*)
 *(.gnu.linkonce.d*)
                0x00800128                . = ALIGN (0x2)
                0x00800128                _edata = .
                0x00800128                PROVIDE (__data_end, .)

.bss            0x00800128      0xadc
                0x00800128                PROVIDE (__bss_start, .)
 *(.bss)
 .bss           0x00800128        0x0 /usr/local/CrossPack-AVR-20131216/lib/gcc/avr/4.8.1/../../../../avr/lib/avr51/crtm1284p.o
 .bss           0x00800128        0x0 ./wan/wan.o
 .bss           0x00800128        0x0 ./wan/wan_config.o
 .bss           0x00800128        0x0 ./wan/wan_driver.o
 .bss           0x00800128        0x0 ./util/clock.o
 .bss           0x00800128        0x0 ./util/config.o
 .bss           0x00800128        0x0 ./usart/usart_btle.o
 .bss           0x00800128        0x0 ./usart/usart_wan.o
 .bss           0x00800128        0x0 ./ramdisk/ramdisk.o
 .bss           0x00800128        0x0 ./queue/circular_queue.o
 .bss           0x00800128        0x0 ./queue/queue.o
 .bss           0x00800128        0x0 ./eeprom/eeprom.o
 .bss           0x00800128        0x0 ./btle/btle.o
 .bss           0x00800128        0x0 ./btle/btle_driver.o
 .bss           0x00800128        0x0 ./main.o
 .bss           0x00800128        0x0 /usr/local/CrossPack-AVR-20131216/lib/gcc/avr/4.8.1/avr51/libgcc.a(_exit.o)
 .bss           0x00800128        0x0 /usr/local/CrossPack-AVR-20131216/lib/gcc/avr/4.8.1/avr51/libgcc.a(_copy_data.o)
 .bss           0x00800128        0x0 /usr/local/CrossPack-AVR-20131216/lib/gcc/avr/4.8.1/avr51/libgcc.a(_clear_bss.o)
 .bss           0x00800128        0x0 /usr/local/CrossPack-AVR-20131216/lib/gcc/avr/4.8.1/avr51/libgcc.a(_cmpdi2.o)
 .bss           0x00800128        0x0 /usr/local/CrossPack-AVR-20131216/lib/gcc/avr/4.8.1/../../../../avr/lib/avr51/libc.a(malloc.o)
 .bss           0x00800128        0x0 /usr/local/CrossPack-AVR-20131216/lib/gcc/avr/4.8.1/../../../../avr/lib/avr51/libc.a(memcmp.o)
 .bss           0x00800128        0x0 /usr/local/CrossPack-AVR-20131216/lib/gcc/avr/4.8.1/../../../../avr/lib/avr51/libc.a(memcpy.o)
 .bss           0x00800128        0x0 /usr/local/CrossPack-AVR-20131216/lib/gcc/avr/4.8.1/../../../../avr/lib/avr51/libc.a(strchr.o)
 .bss           0x00800128        0x0 /usr/local/CrossPack-AVR-20131216/lib/gcc/avr/4.8.1/../../../../avr/lib/avr51/libc.a(strcpy.o)
 .bss           0x00800128        0x0 /usr/local/CrossPack-AVR-20131216/lib/gcc/avr/4.8.1/../../../../avr/lib/avr51/libc.a(sprintf_p.o)
 .bss           0x00800128        0x0 /usr/local/CrossPack-AVR-20131216/lib/gcc/avr/4.8.1/../../../../avr/lib/avr51/libc.a(vfprintf_std.o)
 .bss           0x00800128        0x0 /usr/local/CrossPack-AVR-20131216/lib/gcc/avr/4.8.1/../../../../avr/lib/avr51/libc.a(eerd_byte_atmega1284p.o)
 .bss           0x00800128        0x0 /usr/local/CrossPack-AVR-20131216/lib/gcc/avr/4.8.1/../../../../avr/lib/avr51/libc.a(eewr_byte_atmega1284p.o)
 .bss           0x00800128        0x0 /usr/local/CrossPack-AVR-20131216/lib/gcc/avr/4.8.1/../../../../avr/lib/avr51/libc.a(strnlen_P.o)
 .bss           0x00800128        0x0 /usr/local/CrossPack-AVR-20131216/lib/gcc/avr/4.8.1/../../../../avr/lib/avr51/libc.a(strnlen.o)
 .bss           0x00800128        0x0 /usr/local/CrossPack-AVR-20131216/lib/gcc/avr/4.8.1/../../../../avr/lib/avr51/libc.a(fputc.o)
 .bss           0x00800128        0x0 /usr/local/CrossPack-AVR-20131216/lib/gcc/avr/4.8.1/../../../../avr/lib/avr51/libc.a(ultoa_invert.o)
 *(.bss*)
 .bss.state     0x00800128        0x1 ./wan/wan.o
 .bss.prev_millis
                0x00800129        0x4 ./wan/wan.o
 .bss.frame_length
                0x0080012d        0x2 ./wan/wan.o
 .bss.frame_index
                0x0080012f        0x2 ./wan/wan.o
 .bss.frame_buff
                0x00800131       0x50 ./wan/wan.o
 .bss.frame_ready
                0x00800181        0x1 ./wan/wan.o
                0x00800181                frame_ready
 .bss.state     0x00800182        0x1 ./wan/wan_config.o
                0x00800182                state
 .bss.resp_type
                0x00800183        0x1 ./wan/wan_config.o
 .bss.wan_line_index
                0x00800184        0x2 ./wan/wan_driver.o
                0x00800184                wan_line_index
 .bss.wan_new_line
                0x00800186        0x1 ./wan/wan_driver.o
                0x00800186                wan_new_line
 .bss.wan_index
                0x00800187        0x2 ./wan/wan_driver.o
                0x00800187                wan_index
 .bss.btle_buffer
                0x00800189      0x204 ./usart/usart_btle.o
                0x00800189                btle_buffer
 .bss.wan_buffer
                0x0080038d      0x204 ./usart/usart_wan.o
                0x0080038d                wan_buffer
 .bss.deleted_head
                0x00800591        0x2 ./ramdisk/ramdisk.o
 .bss.valid_head
                0x00800593        0x2 ./ramdisk/ramdisk.o
 .bss.records   0x00800595      0x20d ./ramdisk/ramdisk.o
 .bss.circular_queue
                0x008007a2      0x204 ./queue/circular_queue.o
                0x008007a2                circular_queue
 .bss.next_msg  0x008009a6        0x2 ./btle/btle_driver.o
 .bss.btle_line_index
                0x008009a8        0x2 ./btle/btle_driver.o
                0x008009a8                btle_line_index
 .bss.new_line  0x008009aa        0x1 ./btle/btle_driver.o
                0x008009aa                new_line
 .bss.btle_index
                0x008009ab        0x2 ./btle/btle_driver.o
                0x008009ab                btle_index
 .bss.future    0x008009ad        0x4 ./main.o
                0x008009ad                future
 .bss.term_in   0x008009b1        0x1 ./main.o
                0x008009b1                term_in
 *(COMMON)
 COMMON         0x008009b2        0xc ./wan/wan.o
                0x008009b2                wan_queue
 COMMON         0x008009be        0x9 ./wan/wan_config.o
                0x008009be                mac_resp
 COMMON         0x008009c7      0x102 ./wan/wan_driver.o
                0x008009c7                wan_line_buffer
                0x00800a48                wan_lines
 COMMON         0x00800ac9        0x4 ./util/clock.o
                0x00800ac9                clock_millis
 COMMON         0x00800acd        0xf ./util/config.o
                0x00800acd                config
 COMMON         0x00800adc        0x2 ./usart/usart_btle.o
                0x00800adc                btle_rx_cb
 COMMON         0x00800ade       0x18 ./btle/btle.o
                0x00800ade                packet_queue
                0x00800aea                btle_queue
 COMMON         0x00800af6      0x102 ./btle/btle_driver.o
                0x00800af6                btle_lines
                0x00800b77                btle_line_buffer
 COMMON         0x00800bf8        0x8 ./main.o
                0x00800bf8                shared
 COMMON         0x00800c00        0x4 /usr/local/CrossPack-AVR-20131216/lib/gcc/avr/4.8.1/../../../../avr/lib/avr51/libc.a(malloc.o)
                0x00800c00                __brkval
                0x00800c02                __flp
                0x00800c04                PROVIDE (__bss_end, .)
                0x00002000                __data_load_start = LOADADDR (.data)
                0x00002028                __data_load_end = (__data_load_start + SIZEOF (.data))

.noinit         0x00800c04        0x0
                0x00800c04                PROVIDE (__noinit_start, .)
 *(.noinit*)
                0x00800c04                PROVIDE (__noinit_end, .)
                0x00800c04                _end = .
                0x00800c04                PROVIDE (__heap_start, .)

.eeprom         0x00810000        0x0
 *(.eeprom*)
                0x00810000                __eeprom_end = .

.fuse
 *(.fuse)
 *(.lfuse)
 *(.hfuse)
 *(.efuse)

.lock
 *(.lock*)

.signature
 *(.signature*)

.user_signatures
 *(.user_signatures*)

.stab           0x00000000     0x5e80
 *(.stab)
 .stab          0x00000000      0xe70 ./wan/wan.o
 .stab          0x00000e70      0x714 ./wan/wan_config.o
                                0xa44 (size before relaxing)
 .stab          0x00001584      0x438 ./wan/wan_driver.o
                                0x840 (size before relaxing)
 .stab          0x000019bc      0x498 ./util/clock.o
                                0x690 (size before relaxing)
 .stab          0x00001e54      0x3a8 ./util/config.o
                                0x5a0 (size before relaxing)
 .stab          0x000021fc      0x78c ./usart/usart_btle.o
                                0x9e4 (size before relaxing)
 .stab          0x00002988      0x720 ./usart/usart_wan.o
                                0x90c (size before relaxing)
 .stab          0x000030a8      0x75c ./ramdisk/ramdisk.o
                                0x984 (size before relaxing)
 .stab          0x00003804      0x438 ./queue/circular_queue.o
                                0x648 (size before relaxing)
 .stab          0x00003c3c      0x954 ./queue/queue.o
                                0xb4c (size before relaxing)
 .stab          0x00004590      0x348 ./eeprom/eeprom.o
                                0x54c (size before relaxing)
 .stab          0x000048d8      0x4f8 ./btle/btle.o
                                0x774 (size before relaxing)
 .stab          0x00004dd0      0xa8c ./btle/btle_driver.o
                                0xdbc (size before relaxing)
 .stab          0x0000585c      0x624 ./main.o
                                0x9fc (size before relaxing)

.stabstr        0x00000000     0x3e04
 *(.stabstr)
 .stabstr       0x00000000     0x3e04 ./wan/wan.o

.stab.excl
 *(.stab.excl)

.stab.exclstr
 *(.stab.exclstr)

.stab.index
 *(.stab.index)

.stab.indexstr
 *(.stab.indexstr)

.comment        0x00000000       0x11
 *(.comment)
 .comment       0x00000000       0x11 ./wan/wan.o
                                 0x12 (size before relaxing)
 .comment       0x00000000       0x12 ./wan/wan_config.o
 .comment       0x00000000       0x12 ./wan/wan_driver.o
 .comment       0x00000000       0x12 ./util/clock.o
 .comment       0x00000000       0x12 ./util/config.o
 .comment       0x00000000       0x12 ./usart/usart_btle.o
 .comment       0x00000000       0x12 ./usart/usart_wan.o
 .comment       0x00000000       0x12 ./ramdisk/ramdisk.o
 .comment       0x00000000       0x12 ./queue/circular_queue.o
 .comment       0x00000000       0x12 ./queue/queue.o
 .comment       0x00000000       0x12 ./eeprom/eeprom.o
 .comment       0x00000000       0x12 ./btle/btle.o
 .comment       0x00000000       0x12 ./btle/btle_driver.o
 .comment       0x00000000       0x12 ./main.o
 .comment       0x00000000       0x12 /usr/local/CrossPack-AVR-20131216/lib/gcc/avr/4.8.1/../../../../avr/lib/avr51/libc.a(malloc.o)
 .comment       0x00000000       0x12 /usr/local/CrossPack-AVR-20131216/lib/gcc/avr/4.8.1/../../../../avr/lib/avr51/libc.a(sprintf_p.o)
 .comment       0x00000000       0x12 /usr/local/CrossPack-AVR-20131216/lib/gcc/avr/4.8.1/../../../../avr/lib/avr51/libc.a(vfprintf_std.o)
 .comment       0x00000000       0x12 /usr/local/CrossPack-AVR-20131216/lib/gcc/avr/4.8.1/../../../../avr/lib/avr51/libc.a(fputc.o)

.debug
 *(.debug)

.line
 *(.line)

.debug_srcinfo
 *(.debug_srcinfo)

.debug_sfnames
 *(.debug_sfnames)

.debug_aranges  0x00000000       0x80
 *(.debug_aranges)
 .debug_aranges
                0x00000000       0x20 /usr/local/CrossPack-AVR-20131216/lib/gcc/avr/4.8.1/avr51/libgcc.a(_exit.o)
 .debug_aranges
                0x00000020       0x20 /usr/local/CrossPack-AVR-20131216/lib/gcc/avr/4.8.1/avr51/libgcc.a(_copy_data.o)
 .debug_aranges
                0x00000040       0x20 /usr/local/CrossPack-AVR-20131216/lib/gcc/avr/4.8.1/avr51/libgcc.a(_clear_bss.o)
 .debug_aranges
                0x00000060       0x20 /usr/local/CrossPack-AVR-20131216/lib/gcc/avr/4.8.1/avr51/libgcc.a(_cmpdi2.o)

.debug_pubnames
 *(.debug_pubnames)

.debug_info     0x00000000      0x2fc
 *(.debug_info)
 .debug_info    0x00000000       0xbf /usr/local/CrossPack-AVR-20131216/lib/gcc/avr/4.8.1/avr51/libgcc.a(_exit.o)
 .debug_info    0x000000bf       0xbf /usr/local/CrossPack-AVR-20131216/lib/gcc/avr/4.8.1/avr51/libgcc.a(_copy_data.o)
 .debug_info    0x0000017e       0xbf /usr/local/CrossPack-AVR-20131216/lib/gcc/avr/4.8.1/avr51/libgcc.a(_clear_bss.o)
 .debug_info    0x0000023d       0xbf /usr/local/CrossPack-AVR-20131216/lib/gcc/avr/4.8.1/avr51/libgcc.a(_cmpdi2.o)
 *(.gnu.linkonce.wi.*)

.debug_abbrev   0x00000000       0x50
 *(.debug_abbrev)
 .debug_abbrev  0x00000000       0x14 /usr/local/CrossPack-AVR-20131216/lib/gcc/avr/4.8.1/avr51/libgcc.a(_exit.o)
 .debug_abbrev  0x00000014       0x14 /usr/local/CrossPack-AVR-20131216/lib/gcc/avr/4.8.1/avr51/libgcc.a(_copy_data.o)
 .debug_abbrev  0x00000028       0x14 /usr/local/CrossPack-AVR-20131216/lib/gcc/avr/4.8.1/avr51/libgcc.a(_clear_bss.o)
 .debug_abbrev  0x0000003c       0x14 /usr/local/CrossPack-AVR-20131216/lib/gcc/avr/4.8.1/avr51/libgcc.a(_cmpdi2.o)

.debug_line     0x00000000      0x172
 *(.debug_line)
 .debug_line    0x00000000       0x58 /usr/local/CrossPack-AVR-20131216/lib/gcc/avr/4.8.1/avr51/libgcc.a(_exit.o)
 .debug_line    0x00000058       0x63 /usr/local/CrossPack-AVR-20131216/lib/gcc/avr/4.8.1/avr51/libgcc.a(_copy_data.o)
 .debug_line    0x000000bb       0x5e /usr/local/CrossPack-AVR-20131216/lib/gcc/avr/4.8.1/avr51/libgcc.a(_clear_bss.o)
 .debug_line    0x00000119       0x59 /usr/local/CrossPack-AVR-20131216/lib/gcc/avr/4.8.1/avr51/libgcc.a(_cmpdi2.o)

.debug_frame
 *(.debug_frame)

.debug_str
 *(.debug_str)

.debug_loc
 *(.debug_loc)

.debug_macinfo
 *(.debug_macinfo)

.debug_pubtypes
 *(.debug_pubtypes)

.debug_ranges
 *(.debug_ranges)

.debug_macro
 *(.debug_macro)
OUTPUT(spike_bitstorm_router.elf elf32-avr)
LOAD linker stubs
